Booting seL4...
 Boot config: debug_port = 0x3f8
Boot config: disable_iommu = false
Detected 1 boot module(s):
  module #0: start=0xa13000 end=0xe1ec70 size=0x40bc70 name='E:\System/target/x86_64-unknown-none/debug/rootserver'
Parsing GRUB physical memory map
	Physical Memory Region from 0 size 9fc00 type 1
	Physical Memory Region from 9fc00 size 400 type 2
	Physical Memory Region from f0000 size 10000 type 2
	Physical Memory Region from 100000 size 7ee0000 type 1
Adding physical memory region 0x100000-0x7fe0000
	Physical Memory Region from 7fe0000 size 20000 type 2
	Physical Memory Region from fffc0000 size 40000 type 2
Multiboot gave us no video information
ACPI: RSDP paddr=0xf52a0
ACPI: RSDP vaddr=0xf52a0
ACPI: RSDT paddr=0x7fe22e0
ACPI: RSDT vaddr=0x7fe22e0
Kernel loaded to: start=0x100000 end=0xa12000 size=0x912000 entry=0x1002a3
ACPI: RSDT paddr=0x7fe22e0
ACPI: RSDT vaddr=0x7fe22e0
ACPI: FADT paddr=0x7fe2194
ACPI: FADT vaddr=0x7fe2194
ACPI: FADT flags=0x80a5
ACPI: 0 IOMMUs detected
ACPI: MADT paddr=0x7fe2208
ACPI: MADT vaddr=0x7fe2208
ACPI: MADT apic_addr=0xfee00000
ACPI: MADT flags=0x1
ACPI: MADT_APIC apic_id=0x0
ACPI: MADT_IOAPIC ioapic_id=0 ioapic_addr=0xfec00000 gsib=0
ACPI: MADT_ISO bus=0 source=0 gsi=2 flags=0x0
ACPI: MADT_ISO bus=0 source=5 gsi=5 flags=0xd
ACPI: MADT_ISO bus=0 source=9 gsi=9 flags=0xd
ACPI: MADT_ISO bus=0 source=10 gsi=10 flags=0xd
ACPI: MADT_ISO bus=0 source=11 gsi=11 flags=0xd
ACPI: 1 CPU(s) detected
ELF-loading userland images from boot modules:
size=0x1a8000 v_entry=0x2000000 v_start=0x2000000 v_end=0x21a8000 p_start=0xe1f000 p_end=0xfc7000
Moving loaded userland images to final location: from=0xe1f000 to=0xa12000 size=0x1a8000
Starting node #0 with APIC ID 0
Mapping kernel window is done
available phys memory regions: 1
  [100000..7fe0000)
reserved virt address space regions: 1
  [ffffff8000100000..ffffff8000bba000)
Booting all finished, dropped to user space
[KERNEL] RootServer Started.
[KERNEL] Heap Initialized (1MB).
[KERNEL] VFS Initialized.
Initializing IO Port Capability...
IO Port Capability issued successfully to Root CNode.
Serial

========================================
   NovaOS: The Future Secure OS
   Status: RootServer Started
========================================
[INFO] BootInfo retrieved successfully.
[INFO] BootInfo Addr: 0x21a9000
[INFO] IPC Buffer: 0x21a8000
[INFO] Empty Slots: 533 - 4096
[INFO] Untyped Slots: 444 - 533
[INFO] Untyped Memory: 89 slots
[INFO] CNode Size: 12 bits
[Alloc] Untyped memory info:
[Alloc] UntypedList Addr: 0x21a90a8
[Alloc] Scanning untyped slots 444 to 533
[INFO] Probing ACPI Tables...
[INFO] Scanning extra boot info (len: 1308)
[INFO] Found ACPI RSDP Chunk at offset 0x1000
[INFO] RSDP Signature: "RSD PTR "
[INFO] ACPI RSDP Checksum validated.
[INFO] ACPI RSDP validated.
[INFO] RSDP Revision: 0
[INFO] RSDT Address: 0x7fe22e0
[INFO] Searching for RSDT (paddr=0x7fe22e0) in 89 untyped caps...
[INFO] Found RSDT in Untyped Cap #445 (paddr=0x7fe0000, size=2^17, isDevice=1)
[INFO] ACPI Info found. Mapping RSDT...
[ACPI] Registered new mapped cap: index=1, paddr=0x7fe0000, vaddr=0x80000000, size=131072
[ACPI] RSDT Mapped at 0x800022e0, Signature: RSDT
[ACPI] RSDT Length: 52
[ACPI] RSDT Checksum: 180
[ACPI] RSDT OEM ID: "BOCHS "
[ACPI] Scanning 4 RSDT entries...
[ACPI] Table [0] Signature: FACP
[ACPI] Found FADT Table!
[ACPI] Enabling ACPI...
[ACPI] ACPI Enabled successfully.
[ACPI] Table [1] Signature: APIC
[ACPI] Found MADT (APIC) Table!
[ACPI] Local APIC Address: 0xfee00000
[ACPI] MADT Flags: 0x1
[ACPI] Walking MADT (Length: 120)
[ACPI] MADT Type 0: Local APIC (CPU ID: 0, APIC ID: 0, Flags: 0x1)
[ACPI] MADT Type 1: IO APIC (ID: 0, Addr: 0xfec00000, GSI Base: 0)
[ACPI] MADT Type 2: ISO (Bus: 0, Source: 0, GSI: 2, Flags: 0x0)
[ACPI] MADT Type 2: ISO (Bus: 0, Source: 5, GSI: 5, Flags: 0xd)
[ACPI] MADT Type 2: ISO (Bus: 0, Source: 9, GSI: 9, Flags: 0xd)
[ACPI] MADT Type 2: ISO (Bus: 0, Source: 10, GSI: 10, Flags: 0xd)
[ACPI] MADT Type 2: ISO (Bus: 0, Source: 11, GSI: 11, Flags: 0xd)
[ACPI] MADT Type 4: Skipped (Length: 6)
[APIC] Initializing Local APIC at paddr 0xfee00000...
[APIC] Local APIC mapping unavailable in user space on seL4 x86 (seL4_FailedLookup); continuing.
[KERNEL] Local APIC init skipped (using default configuration).
[KERNEL] Found IOAPIC at 0xfec00000 (ID: 0).
[KERNEL] Config Keyboard IRQ 1 -> GSI 1
[KERNEL] IRQ Handler for Keyboard created.
[KERNEL] Found ISO for IRQ 0: GSI=2, Flags=0x0
[KERNEL] Config Timer IRQ 0 -> GSI 2, Level 0, Polarity 0
[KERNEL] Timer IRQ Handler obtained.
[KERNEL] Config Serial IRQ 4 -> GSI 4
[KERNEL] Serial IRQ Handler obtained.
[ACPI] Table [2] Signature: HPET
[ACPI] Table [3] Signature: WAET
[KERNEL] Performing Power-On Self-Test (POST)...
[INFO] Testing allocation of 5 x 4KB Frames...
[INFO] Allocated 4KB Frame #1 in slot 542
[INFO] Allocated 4KB Frame #2 in slot 543
[INFO] Allocated 4KB Frame #3 in slot 544
[INFO] Allocated 4KB Frame #4 in slot 545
[INFO] Allocated 4KB Frame #5 in slot 546
[INFO] Testing VSpace Mapping...
[INFO] Allocating frame for mapping...
[INFO] Frame allocated at slot 547. Mapping to 0x10000000...
[INFO] Page mapped successfully at 0x10000000
[INFO] Write to 0x10000000 succeeded. Value: 0xdeadbeef
[INFO] Testing Process Management...
[INFO] Allocated TCB at slot 549
[INFO] Mapped stack at 0x20000000
[INFO] Mapped IPC Buffer at 0x30000000
[INFO] Allocated Endpoint at slot 554
[INFO] Minted Badged Endpoint (Badge=0xbeef) at slot 555
[INFO] TCB Configured.
[INFO] Priority Set.
[INFO] Registers Written. RIP=0x2057700, RSP=0x20001000, ARG1=554
[INFO] Thread Resumed!
[MAIN] Sending IPC message to worker using cap 555...

[WORKER] Hello from the second thread!
[WORKER] I am running in the same address space.
[WORKER] Endpoint Cap: 554
[WORKER] Waiting for message...
[WORKER] Received: 0x12345678 from badge/cap 48879
[WORKER] Replying with 0x87654321
[MAIN] Received response: 0x87654321
[MAIN] IPC Test SUCCESS!
[INFO] Testing Independent VSpace Creation & Isolation & Fault Handling...
[INFO] Allocated frame for Child Code at slot 556
[INFO] Code written to frame via Root VSpace (UD2 instruction).
[VSpace] Created new VSpace with PML4 cap 559
[Process] Created Process: TCB=560, PML4=559
[INFO] Mapped code frame to Child VSpace at 0x400000
[INFO] Allocated Fault Endpoint at slot 566
[INFO] Child TCB Configured.
[INFO] Child Registers Set.
[INFO] Child Thread Resumed! (Should Fault)
[INFO] Waiting for fault on endpoint 566...
[INFO] Received Fault Message! Data: 0x400000, Badge: 0
[Process] Terminated (Caps deleted: TCB=560, PML4=559, FaultEP=566, IPCBuf=564)
[INFOUndelivered IRQ: 56
] Child Process Terminated successfully.
[INFO] Testing user-mode hello ELF...
[INFO] Spawning process with Syscall Endpoint Cap: 559
[VSpace] Created new VSpace with PML4 cap 560
[Process] Created Process: TCB=561, PML4=560
[Loader] load_elf called. Data len: 11280
[Loader] Parsing ELF header...
[Loader] ELF loaded. Entry: 0x1cff
[Loader] Segment: VAddr=0x0, MemSize=2589, FileSize=2589
[Loader] Allocated frame 562 for vaddr 0
[Loader] Segment: VAddr=0x1a20, MemSize=4767, FileSize=4767
[Loader] Allocated frame 569 for vaddr 1000
[Loader] Allocated frame 570 for vaddr 2000
[Loader] Segment: VAddr=0x3cc0, MemSize=832, FileSize=232
[Loader] Allocated frame 571 for vaddr 3000
[Loader] Segment: VAddr=0x4da8, MemSize=56, FileSize=0
[Loader] Allocated frame 572 for vaddr 4000
[Process] Spawned process successfully!
[INFO] Process spawned. Entering syscall loop...
[INFO] Unknown syscall label: 9. Badge: 0
[Process] Terminated (Caps deleted: TCB=561, PML4=560, FaultEP=559, IPCBuf=578)
[INFO] Hello process terminated.
[INFO] Testing ProcessManager (Global)...
[INFO] Added process with PID: 0
[INFO] Retrieved process 0, TCB cap: 999
[INFO] Retrieved process 0 (mut), changing TCB cap...
[INFO] Mutation verified.
[INFO] Removed process 0, TCB cap: 1000
[INFO] Process 0 is indeed gone.
[BENCHMARK] Measuring IPC Round-Trip Latency...
[BENCHMARK] Average IPC Call-Reply Latency: 39657 cycles
[STRESS] Allocating 1000 frames...
[STRESS] Progress: 0/1000
[STRESS] Progress: 100/1000
[STRESS] Progress: 200/1000
[STRESS] Progress: 300/1000
[STRESS] Progress: 400/1000
[STRESS] Progress: 500/1000
[STRESS] Progress: 600/1000
[STRESS] Progress: 700/1000
[STRESS] Progress: 800/1000
[STRESS] Progress: 900/1000
[STRESS] Successfully allocated 1000 frames
[STRESS] Memory Stats: Caps=22/89, RAM Usage=4294656 / 128964608 bytes (3%)
[INFO] Testing Disk Driver (ATA PIO)...
[DISK] Writing pattern to Sector 1...
[DISK] Reading back Sector 1...
[PASS] Disk Read/Write Verified!
[KERNEL] POST Completed Successfully.
[KERNEL] Initializing Process Manager...
[KERNEL] Service 'test' registered (Badge 200).
[KERNEL] Spawning Hello Process...
[VSpace] Created new VSpace with PML4 cap 1580
[Process] Created Process: TCB=1581, PML4=1580
[Loader] load_elf called. Data len: 11280
[Loader] Parsing ELF header...
[Loader] ELF loaded. Entry: 0x1cff
[Loader] Segment: VAddr=0x0, MemSize=2589, FileSize=2589
[Loader] Allocated frame 1582 for vaddr 0
[Loader] Segment: VAddr=0x1a20, MemSize=4767, FileSize=4767
[Loader] Allocated frame 1586 for vaddr 1000
[Loader] Allocated frame 1587 for vaddr 2000
[Loader] Segment: VAddr=0x3cc0, MemSize=832, FileSize=232
[Loader] Allocated frame 1588 for vaddr 3000
[Loader] Segment: VAddr=0x4da8, MemSize=56, FileSize=0
[Loader] Allocated frame 1589 for vaddr 4000
[Process] Spawned process successfully!
[KERNEL] Spawning Hello Process 2...
[VSpace] Created new VSpace with PML4 cap 1598
[Process] Created Process: TCB=1599, PML4=1598
[Loader] load_elf called. Data len: 11280
[Loader] Parsing ELF header...
[Loader] ELF loaded. Entry: 0x1cff
[Loader] Segment: VAddr=0x0, MemSize=2589, FileSize=2589
[Loader] Allocated frame 1600 for vaddr 0
[Loader] Segment: VAddr=0x1a20, MemSize=4767, FileSize=4767
[Loader] Allocated frame 1604 for vaddr 1000
[Loader] Allocated frame 1605 for vaddr 2000
[Loader] Segment: VAddr=0x3cc0, MemSize=832, FileSize=232
[Loader] Allocated frame 1606 for vaddr 3000
[Loader] Segment: VAddr=0x4da8, MemSize=56, FileSize=0
[Loader] Allocated frame 1607 for vaddr 4000
[Process] Spawned process successfully!
[KERNEL] Setting up Interrupts...
[PCI] Scanning PCI Bus...
[PCI] Found 6 devices.
[PCI] 00:00.0 Vendor=8086 Device=1237 Class=06 Subclass=00 ProgIF=00 Rev=02
[PCI] 00:01.0 Vendor=8086 Device=7000 Class=06 Subclass=01 ProgIF=00 Rev=00
[PCI] 00:01.1 Vendor=8086 Device=7010 Class=01 Subclass=01 ProgIF=80 Rev=00
[PCI]   BAR4: 0x0000c041
[PCI] 00:01.3 Vendor=8086 Device=7113 Class=06 Subclass=80 ProgIF=00 Rev=03
[PCI] 00:02.0 Vendor=1234 Device=1111 Class=03 Subclass=00 ProgIF=00 Rev=02
[PCI]   BAR0: 0xfd000008
[PCI]   BAR2: 0xfebf0000
[PCI] 00:03.0 Vendor=8086 Device=100e Class=02 Subclass=00 ProgIF=00 Rev=03
[PCI]   BAR0: 0xfebc0000
[PCI]   BAR1: 0x0000c001
[KERNEL] Allocated Notification at slot 1615
[KERNEL] Spawning IRQ Worker Thread...
[KERNEL] IRQ Worker Thread Started.
[KERNEL] Keybo[W]
[WORKER] Thread started. Notification: 1615, Endpoint: 1617
ard IRQ Configured.

[SHELL] Ready. Type 'help' for commands.
[1;32mNovaOS:/>[0m [KERNEL] Timer IRQ Configured.
[KERNEL] Serial IRQ Configured.
[KERNEL] Entering Unified Event Loop...
[INFO] Testing Disk Driver (ATA PIO)...
[DISK] Writing pattern to Sector 1...
[DISK] Reading back Sector 1...
[PASS] Disk Read/Write Verified!
[KERNEL] Legacy PIC Masked.
[KERNEL] PIT Initialized (100Hz)
[KERNEL] RootServer IPC Buffer: 0x21a8000
[Kernel] Initializing driver: PS/2 Keyboard
[Kernel] Initializing driver: PIT Timer
[Kernel] Initializing driver: Serial Port
[Kernel] Initializing driver: CMOS RTC
Process 1: Started.
Process 1: Sleeping for 20 ticks before sending...
[Process] SaveCaller success. Saved to cap 1622
Process 0: Started.
Hello from Rust User App via Syscall!
[Process] Heap expanded to 40001000 (11 frames total)
Heap expansion successful!
Heap memory write verified!
Initializing Global Allocator...
[Process] Heap expanded to 40011000 (27 frames total)
Heap Range: 0x0000000040001000 - 0x0000000040011000
Heap block allocated. Initializing Allocator...
Testing Vec...
[PASS] Vec test passed.
Vec dropped.
Testing String...
Allocating String...
Hello Allocator
Testing File I/O...
File opened for writing. FD: 0x0000000000000000
Bytes written: 0x0000000000000009
File closed.
File opened for reading. FD: 0x0000000000000000
Read content: HelloFile
[PASS] String test passed.
String dropped.
eYielding...
Yielding...
Yielding...
Sleeping for 10 ticks...
[Process] SaveCaller success. Saved to cap 1642
Woke up from sleep!
Sleep duration verified!
Process 0: Waiting for message from Process 1...
[Process] SaveCaller success. Saved to cap 1642
Process 1: Sending message to Process 0...
Process 1: Message sent successfully.
Process 1: Allocating Shared Memory...
Process 1: SHM Allocated. Mapping...
Process 1: Sending SHM Key to Process 0...
[Process] SaveCaller success. Saved to cap 1622
Process 0: SUCCESS! Received correct message.
Process 0: Waiting for SHM Key...
[PASS] Shared Memory Verify Success! (0xCAFEBABE)
Testing Demand Paging Range (0x6000_0000 - 0x7000_0000)...
[KERNEL] Demand Paging: Mapping 0x60000000 (IP: 0x2873, Prefetch: false) for fault at 0x60000000
[PASS] 0x6000_0000 mapped and written.
[KERNEL] Demand Paging: Mapping 0x60001000 (IP: 0x2898, Prefetch: false) for fault at 0x60001000
[PASS] 0x6000_1000 mapped and written.
[KERNEL] Demand Paging: Mapping 0x60014000 (IP: 0x28b2, Prefetch: false) for fault at 0x60014000
[PASS] 0x6001_4000 mapped and written.
[TEST] PASSED
[KERNEL] Process 0 requested system shutdown.
[KERNEL] Shutting down...
